============================================================
 KALEN VET AI — AUTONOMOUS COMPLETION ENGINE
============================================================
Started: Thu Sep 17 10:56:32 PM IST 2026
Root:    /home/suriya/KALEN_AI

[1/10] Git inspection
 D __pycache__/main.cpython-310.pyc
 M backend/__pycache__/main.cpython-310.pyc
 M backend/api/__pycache__/chat.cpython-310.pyc
 M backend/api/__pycache__/vision.cpython-310.pyc
 M backend/api/__pycache__/voice.cpython-310.pyc
 M backend/api/chat.py
 M backend/api/vision.py
 M backend/api/voice.py
 M backend/main.py
 M requirements.txt
 D venv/lib/python3.10/site-packages/__pycache__/six.cpython-310.pyc
 D venv/lib/python3.10/site-packages/_distutils_hack/__pycache__/__init__.cpython-310.pyc
 D venv/lib/python3.10/site-packages/_distutils_hack/__pycache__/override.cpython-310.pyc
 D venv/lib/python3.10/site-packages/annotated_types/__pycache__/test_cases.cpython-310.pyc
 D venv/lib/python3.10/site-packages/anyio/__pycache__/functools.cpython-310.pyc
 D venv/lib/python3.10/site-packages/anyio/__pycache__/itertools.cpython-310.pyc
 D venv/lib/python3.10/site-packages/anyio/__pycache__/pytest_plugin.cpython-310.pyc
 D venv/lib/python3.10/site-packages/anyio/__pycache__/to_interpreter.cpython-310.pyc
 D venv/lib/python3.10/site-packages/anyio/__pycache__/to_process.cpython-310.pyc
 D venv/lib/python3.10/site-packages/anyio/_backends/__pycache__/__init__.cpython-310.pyc
 D venv/lib/python3.10/site-packages/anyio/_backends/__pycache__/_asyncio.cpython-310.pyc
 D venv/lib/python3.10/site-packages/anyio/_backends/__pycache__/_trio.cpython-310.pyc
 D venv/lib/python3.10/site-packages/anyio/_core/__pycache__/_asyncio_selector_thread.cpython-310.pyc
 D venv/lib/python3.10/site-packages/anyio/streams/__pycache__/buffered.cpython-310.pyc
 D venv/lib/python3.10/site-packages/anyio/streams/__pycache__/file.cpython-310.pyc
 D venv/lib/python3.10/site-packages/anyio/streams/__pycache__/text.cpython-310.pyc
 D venv/lib/python3.10/site-packages/bcrypt/__pycache__/__init__.cpython-310.pyc
 D venv/lib/python3.10/site-packages/click/__pycache__/_termui_impl.cpython-310.pyc
 D venv/lib/python3.10/site-packages/click/__pycache__/_textwrap.cpython-310.pyc
 D venv/lib/python3.10/site-packages/click/__pycache__/_winconsole.cpython-310.pyc
 D venv/lib/python3.10/site-packages/click/__pycache__/shell_completion.cpython-310.pyc
 D venv/lib/python3.10/site-packages/click/__pycache__/testing.cpython-310.pyc
 D venv/lib/python3.10/site-packages/ecdsa/__pycache__/__init__.cpython-310.pyc
 D venv/lib/python3.10/site-packages/ecdsa/__pycache__/_compat.cpython-310.pyc
 D venv/lib/python3.10/site-packages/ecdsa/__pycache__/_rwlock.cpython-310.pyc
 D venv/lib/python3.10/site-packages/ecdsa/__pycache__/_sha3.cpython-310.pyc
 D venv/lib/python3.10/site-packages/ecdsa/__pycache__/_version.cpython-310.pyc
 D venv/lib/python3.10/site-packages/ecdsa/__pycache__/curves.cpython-310.pyc
 D venv/lib/python3.10/site-packages/ecdsa/__pycache__/der.cpython-310.pyc
 D venv/lib/python3.10/site-packages/ecdsa/__pycache__/ecdh.cpython-310.pyc
 D venv/lib/python3.10/site-packages/ecdsa/__pycache__/ecdsa.cpython-310.pyc
 D venv/lib/python3.10/site-packages/ecdsa/__pycache__/eddsa.cpython-310.pyc
 D venv/lib/python3.10/site-packages/ecdsa/__pycache__/ellipticcurve.cpython-310.pyc
 D venv/lib/python3.10/site-packages/ecdsa/__pycache__/errors.cpython-310.pyc
 D venv/lib/python3.10/site-packages/ecdsa/__pycache__/keys.cpython-310.pyc
 D venv/lib/python3.10/site-packages/ecdsa/__pycache__/numbertheory.cpython-310.pyc
 D venv/lib/python3.10/site-packages/ecdsa/__pycache__/rfc6979.cpython-310.pyc
 D venv/lib/python3.10/site-packages/ecdsa/__pycache__/ssh.cpython-310.pyc
 D venv/lib/python3.10/site-packages/ecdsa/__pycache__/test_curves.cpython-310.pyc
 D venv/lib/python3.10/site-packages/ecdsa/__pycache__/test_der.cpython-310.pyc
 D venv/lib/python3.10/site-packages/ecdsa/__pycache__/test_ecdh.cpython-310.pyc
 D venv/lib/python3.10/site-packages/ecdsa/__pycache__/test_ecdsa.cpython-310.pyc
 D venv/lib/python3.10/site-packages/ecdsa/__pycache__/test_eddsa.cpython-310.pyc
 D venv/lib/python3.10/site-packages/ecdsa/__pycache__/test_ellipticcurve.cpython-310.pyc
 D venv/lib/python3.10/site-packages/ecdsa/__pycache__/test_jacobi.cpython-310.pyc
 D venv/lib/python3.10/site-packages/ecdsa/__pycache__/test_keys.cpython-310.pyc
 D venv/lib/python3.10/site-packages/ecdsa/__pycache__/test_malformed_sigs.cpython-310.pyc
 D venv/lib/python3.10/site-packages/ecdsa/__pycache__/test_numbertheory.cpython-310.pyc
 D venv/lib/python3.10/site-packages/ecdsa/__pycache__/test_pyecdsa.cpython-310.pyc
 D venv/lib/python3.10/site-packages/ecdsa/__pycache__/test_rw_lock.cpython-310.pyc
 D venv/lib/python3.10/site-packages/ecdsa/__pycache__/test_sha3.cpython-310.pyc
 D venv/lib/python3.10/site-packages/ecdsa/__pycache__/util.cpython-310.pyc
 D venv/lib/python3.10/site-packages/fastapi/__pycache__/__main__.cpython-310.pyc
 D venv/lib/python3.10/site-packages/fastapi/__pycache__/cli.cpython-310.pyc
 D venv/lib/python3.10/site-packages/fastapi/__pycache__/staticfiles.cpython-310.pyc
 D venv/lib/python3.10/site-packages/fastapi/__pycache__/templating.cpython-310.pyc
 D venv/lib/python3.10/site-packages/fastapi/__pycache__/testclient.cpython-310.pyc
 D venv/lib/python3.10/site-packages/fastapi/middleware/__pycache__/cors.cpython-310.pyc
 D venv/lib/python3.10/site-packages/fastapi/middleware/__pycache__/gzip.cpython-310.pyc
 D venv/lib/python3.10/site-packages/fastapi/middleware/__pycache__/httpsredirect.cpython-310.pyc
 D venv/lib/python3.10/site-packages/fastapi/middleware/__pycache__/trustedhost.cpython-310.pyc
 D venv/lib/python3.10/site-packages/fastapi/middleware/__pycache__/wsgi.cpython-310.pyc
 D venv/lib/python3.10/site-packages/greenlet/__pycache__/__init__.cpython-310.pyc
 D venv/lib/python3.10/site-packages/greenlet/platform/__pycache__/__init__.cpython-310.pyc
 D venv/lib/python3.10/site-packages/greenlet/tests/__pycache__/__init__.cpython-310.pyc
 D venv/lib/python3.10/site-packages/greenlet/tests/__pycache__/fail_c_stack_refs_suspended_gc.cpython-310.pyc
 D venv/lib/python3.10/site-packages/greenlet/tests/__pycache__/fail_clearing_run_switches.cpython-310.pyc
 D venv/lib/python3.10/site-packages/greenlet/tests/__pycache__/fail_cpp_exception.cpython-310.pyc
 D venv/lib/python3.10/site-packages/greenlet/tests/__pycache__/fail_initialstub_already_started.cpython-310.pyc
 D venv/lib/python3.10/site-packages/greenlet/tests/__pycache__/fail_issue_515_freethread_gc.cpython-310.pyc
 D venv/lib/python3.10/site-packages/greenlet/tests/__pycache__/fail_slp_switch.cpython-310.pyc
 D venv/lib/python3.10/site-packages/greenlet/tests/__pycache__/fail_switch_critical_section.cpython-310.pyc
 D venv/lib/python3.10/site-packages/greenlet/tests/__pycache__/fail_switch_three_greenlets.cpython-310.pyc
 D venv/lib/python3.10/site-packages/greenlet/tests/__pycache__/fail_switch_three_greenlets2.cpython-310.pyc
 D venv/lib/python3.10/site-packages/greenlet/tests/__pycache__/fail_switch_two_greenlets.cpython-310.pyc
 D venv/lib/python3.10/site-packages/greenlet/tests/__pycache__/leakcheck.cpython-310.pyc
 D venv/lib/python3.10/site-packages/greenlet/tests/__pycache__/test_contextvars.cpython-310.pyc
 D venv/lib/python3.10/site-packages/greenlet/tests/__pycache__/test_cpp.cpython-310.pyc
 D venv/lib/python3.10/site-packages/greenlet/tests/__pycache__/test_extension_interface.cpython-310.pyc
 D venv/lib/python3.10/site-packages/greenlet/tests/__pycache__/test_gc.cpython-310.pyc
 D venv/lib/python3.10/site-packages/greenlet/tests/__pycache__/test_generator.cpython-310.pyc
 D venv/lib/python3.10/site-packages/greenlet/tests/__pycache__/test_generator_nested.cpython-310.pyc
 D venv/lib/python3.10/site-packages/greenlet/tests/__pycache__/test_greenlet.cpython-310.pyc
 D venv/lib/python3.10/site-packages/greenlet/tests/__pycache__/test_greenlet_trash.cpython-310.pyc
 D venv/lib/python3.10/site-packages/greenlet/tests/__pycache__/test_interpreter_shutdown.cpython-310.pyc
 D venv/lib/python3.10/site-packages/greenlet/tests/__pycache__/test_leaks.cpython-310.pyc
 D venv/lib/python3.10/site-packages/greenlet/tests/__pycache__/test_stack_saved.cpython-310.pyc
 D venv/lib/python3.10/site-packages/greenlet/tests/__pycache__/test_throw.cpython-310.pyc
 D venv/lib/python3.10/site-packages/greenlet/tests/__pycache__/test_tracing.cpython-310.pyc
 D venv/lib/python3.10/site-packages/greenlet/tests/__pycache__/test_version.cpython-310.pyc
 D venv/lib/python3.10/site-packages/greenlet/tests/__pycache__/test_weakref.cpython-310.pyc
 D venv/lib/python3.10/site-packages/idna/__pycache__/__main__.cpython-310.pyc
 D venv/lib/python3.10/site-packages/idna/__pycache__/cli.cpython-310.pyc
 D venv/lib/python3.10/site-packages/idna/__pycache__/codec.cpython-310.pyc
 D venv/lib/python3.10/site-packages/idna/__pycache__/compat.cpython-310.pyc
 D venv/lib/python3.10/site-packages/idna/__pycache__/uts46data.cpython-310.pyc
 D venv/lib/python3.10/site-packages/jose/__pycache__/__init__.cpython-310.pyc
 D venv/lib/python3.10/site-packages/jose/__pycache__/constants.cpython-310.pyc
 D venv/lib/python3.10/site-packages/jose/__pycache__/exceptions.cpython-310.pyc
 D venv/lib/python3.10/site-packages/jose/__pycache__/jwe.cpython-310.pyc
 D venv/lib/python3.10/site-packages/jose/__pycache__/jwk.cpython-310.pyc
 D venv/lib/python3.10/site-packages/jose/__pycache__/jws.cpython-310.pyc
 D venv/lib/python3.10/site-packages/jose/__pycache__/jwt.cpython-310.pyc
 D venv/lib/python3.10/site-packages/jose/__pycache__/utils.cpython-310.pyc
 D venv/lib/python3.10/site-packages/jose/backends/__pycache__/__init__.cpython-310.pyc
 D venv/lib/python3.10/site-packages/jose/backends/__pycache__/_asn1.cpython-310.pyc
 D venv/lib/python3.10/site-packages/jose/backends/__pycache__/base.cpython-310.pyc
 D venv/lib/python3.10/site-packages/jose/backends/__pycache__/cryptography_backend.cpython-310.pyc
 D venv/lib/python3.10/site-packages/jose/backends/__pycache__/ecdsa_backend.cpython-310.pyc
 D venv/lib/python3.10/site-packages/jose/backends/__pycache__/native.cpython-310.pyc
 D venv/lib/python3.10/site-packages/jose/backends/__pycache__/rsa_backend.cpython-310.pyc
 D venv/lib/python3.10/site-packages/multipart/__pycache__/__init__.cpython-310.pyc
 D venv/lib/python3.10/site-packages/multipart/__pycache__/decoders.cpython-310.pyc
 D venv/lib/python3.10/site-packages/multipart/__pycache__/exceptions.cpython-310.pyc
 D venv/lib/python3.10/site-packages/multipart/__pycache__/multipart.cpython-310.pyc
 D venv/lib/python3.10/site-packages/passlib/__pycache__/__init__.cpython-310.pyc
 D venv/lib/python3.10/site-packages/passlib/__pycache__/apache.cpython-310.pyc
 D venv/lib/python3.10/site-packages/passlib/__pycache__/apps.cpython-310.pyc
 D venv/lib/python3.10/site-packages/passlib/__pycache__/context.cpython-310.pyc
 D venv/lib/python3.10/site-packages/passlib/__pycache__/exc.cpython-310.pyc
 D venv/lib/python3.10/site-packages/passlib/__pycache__/hash.cpython-310.pyc
 D venv/lib/python3.10/site-packages/passlib/__pycache__/hosts.cpython-310.pyc
 D venv/lib/python3.10/site-packages/passlib/__pycache__/ifc.cpython-310.pyc
 D venv/lib/python3.10/site-packages/passlib/__pycache__/pwd.cpython-310.pyc
 D venv/lib/python3.10/site-packages/passlib/__pycache__/registry.cpython-310.pyc
 D venv/lib/python3.10/site-packages/passlib/__pycache__/totp.cpython-310.pyc
 D venv/lib/python3.10/site-packages/passlib/__pycache__/win32.cpython-310.pyc
 D venv/lib/python3.10/site-packages/passlib/crypto/__pycache__/__init__.cpython-310.pyc
 D venv/lib/python3.10/site-packages/passlib/crypto/__pycache__/_md4.cpython-310.pyc
 D venv/lib/python3.10/site-packages/passlib/crypto/__pycache__/des.cpython-310.pyc
 D venv/lib/python3.10/site-packages/passlib/crypto/__pycache__/digest.cpython-310.pyc
 D venv/lib/python3.10/site-packages/passlib/crypto/_blowfish/__pycache__/__init__.cpython-310.pyc
 D venv/lib/python3.10/site-packages/passlib/crypto/_blowfish/__pycache__/_gen_files.cpython-310.pyc
 D venv/lib/python3.10/site-packages/passlib/crypto/_blowfish/__pycache__/base.cpython-310.pyc
 D venv/lib/python3.10/site-packages/passlib/crypto/_blowfish/__pycache__/unrolled.cpython-310.pyc
 D venv/lib/python3.10/site-packages/passlib/crypto/scrypt/__pycache__/__init__.cpython-310.pyc
 D venv/lib/python3.10/site-packages/passlib/crypto/scrypt/__pycache__/_builtin.cpython-310.pyc
 D venv/lib/python3.10/site-packages/passlib/crypto/scrypt/__pycache__/_gen_files.cpython-310.pyc
 D venv/lib/python3.10/site-packages/passlib/crypto/scrypt/__pycache__/_salsa.cpython-310.pyc
 D venv/lib/python3.10/site-packages/passlib/ext/__pycache__/__init__.cpython-310.pyc
 D venv/lib/python3.10/site-packages/passlib/ext/django/__pycache__/__init__.cpython-310.pyc
 D venv/lib/python3.10/site-packages/passlib/ext/django/__pycache__/models.cpython-310.pyc
 D venv/lib/python3.10/site-packages/passlib/ext/django/__pycache__/utils.cpython-310.pyc
 D venv/lib/python3.10/site-packages/passlib/handlers/__pycache__/__init__.cpython-310.pyc
 D venv/lib/python3.10/site-packages/passlib/handlers/__pycache__/argon2.cpython-310.pyc
 D venv/lib/python3.10/site-packages/passlib/handlers/__pycache__/bcrypt.cpython-310.pyc
 D venv/lib/python3.10/site-packages/passlib/handlers/__pycache__/cisco.cpython-310.pyc
 D venv/lib/python3.10/site-packages/passlib/handlers/__pycache__/des_crypt.cpython-310.pyc
 D venv/lib/python3.10/site-packages/passlib/handlers/__pycache__/digests.cpython-310.pyc
 D venv/lib/python3.10/site-packages/passlib/handlers/__pycache__/django.cpython-310.pyc
 D venv/lib/python3.10/site-packages/passlib/handlers/__pycache__/fshp.cpython-310.pyc
 D venv/lib/python3.10/site-packages/passlib/handlers/__pycache__/ldap_digests.cpython-310.pyc
 D venv/lib/python3.10/site-packages/passlib/handlers/__pycache__/md5_crypt.cpython-310.pyc
 D venv/lib/python3.10/site-packages/passlib/handlers/__pycache__/misc.cpython-310.pyc
 D venv/lib/python3.10/site-packages/passlib/handlers/__pycache__/mssql.cpython-310.pyc
 D venv/lib/python3.10/site-packages/passlib/handlers/__pycache__/mysql.cpython-310.pyc
 D venv/lib/python3.10/site-packages/passlib/handlers/__pycache__/oracle.cpython-310.pyc
 D venv/lib/python3.10/site-packages/passlib/handlers/__pycache__/pbkdf2.cpython-310.pyc
 D venv/lib/python3.10/site-packages/passlib/handlers/__pycache__/phpass.cpython-310.pyc
 D venv/lib/python3.10/site-packages/passlib/handlers/__pycache__/postgres.cpython-310.pyc
 D venv/lib/python3.10/site-packages/passlib/handlers/__pycache__/roundup.cpython-310.pyc
 D venv/lib/python3.10/site-packages/passlib/handlers/__pycache__/scram.cpython-310.pyc
 D venv/lib/python3.10/site-packages/passlib/handlers/__pycache__/scrypt.cpython-310.pyc
 D venv/lib/python3.10/site-packages/passlib/handlers/__pycache__/sha1_crypt.cpython-310.pyc
 D venv/lib/python3.10/site-packages/passlib/handlers/__pycache__/sha2_crypt.cpython-310.pyc
 D venv/lib/python3.10/site-packages/passlib/handlers/__pycache__/sun_md5_crypt.cpython-310.pyc
 D venv/lib/python3.10/site-packages/passlib/handlers/__pycache__/windows.cpython-310.pyc
 D venv/lib/python3.10/site-packages/passlib/tests/__pycache__/__init__.cpython-310.pyc
 D venv/lib/python3.10/site-packages/passlib/tests/__pycache__/__main__.cpython-310.pyc
 D venv/lib/python3.10/site-packages/passlib/tests/__pycache__/_test_bad_register.cpython-310.pyc
 D venv/lib/python3.10/site-packages/passlib/tests/__pycache__/backports.cpython-310.pyc
 D venv/lib/python3.10/site-packages/passlib/tests/__pycache__/test_apache.cpython-310.pyc
 D venv/lib/python3.10/site-packages/passlib/tests/__pycache__/test_apps.cpython-310.pyc
 D venv/lib/python3.10/site-packages/passlib/tests/__pycache__/test_context.cpython-310.pyc
 D venv/lib/python3.10/site-packages/passlib/tests/__pycache__/test_context_deprecated.cpython-310.pyc
 D venv/lib/python3.10/site-packages/passlib/tests/__pycache__/test_crypto_builtin_md4.cpython-310.pyc
 D venv/lib/python3.10/site-packages/passlib/tests/__pycache__/test_crypto_des.cpython-310.pyc
 D venv/lib/python3.10/site-packages/passlib/tests/__pycache__/test_crypto_digest.cpython-310.pyc
 D venv/lib/python3.10/site-packages/passlib/tests/__pycache__/test_crypto_scrypt.cpython-310.pyc
 D venv/lib/python3.10/site-packages/passlib/tests/__pycache__/test_ext_django.cpython-310.pyc
 D venv/lib/python3.10/site-packages/passlib/tests/__pycache__/test_ext_django_source.cpython-310.pyc
 D venv/lib/python3.10/site-packages/passlib/tests/__pycache__/test_handlers.cpython-310.pyc
 D venv/lib/python3.10/site-packages/passlib/tests/__pycache__/test_handlers_argon2.cpython-310.pyc
 D venv/lib/python3.10/site-packages/passlib/tests/__pycache__/test_handlers_bcrypt.cpython-310.pyc
 D venv/lib/python3.10/site-packages/passlib/tests/__pycache__/test_handlers_cisco.cpython-310.pyc
 D venv/lib/python3.10/site-packages/passlib/tests/__pycache__/test_handlers_django.cpython-310.pyc
 D venv/lib/python3.10/site-packages/passlib/tests/__pycache__/test_handlers_pbkdf2.cpython-310.pyc
 D venv/lib/python3.10/site-packages/passlib/tests/__pycache__/test_handlers_scrypt.cpython-310.pyc
 D venv/lib/python3.10/site-packages/passlib/tests/__pycache__/test_hosts.cpython-310.pyc
 D venv/lib/python3.10/site-packages/passlib/tests/__pycache__/test_pwd.cpython-310.pyc
 D venv/lib/python3.10/site-packages/passlib/tests/__pycache__/test_registry.cpython-310.pyc
 D venv/lib/python3.10/site-packages/passlib/tests/__pycache__/test_totp.cpython-310.pyc
 D venv/lib/python3.10/site-packages/passlib/tests/__pycache__/test_utils.cpython-310.pyc
 D venv/lib/python3.10/site-packages/passlib/tests/__pycache__/test_utils_handlers.cpython-310.pyc
 D venv/lib/python3.10/site-packages/passlib/tests/__pycache__/test_utils_md4.cpython-310.pyc
 D venv/lib/python3.10/site-packages/passlib/tests/__pycache__/test_utils_pbkdf2.cpython-310.pyc
 D venv/lib/python3.10/site-packages/passlib/tests/__pycache__/test_win32.cpython-310.pyc
 D venv/lib/python3.10/site-packages/passlib/tests/__pycache__/tox_support.cpython-310.pyc
 D venv/lib/python3.10/site-packages/passlib/tests/__pycache__/utils.cpython-310.pyc
 D venv/lib/python3.10/site-packages/passlib/utils/__pycache__/__init__.cpython-310.pyc
 D venv/lib/python3.10/site-packages/passlib/utils/__pycache__/binary.cpython-310.pyc
 D venv/lib/python3.10/site-packages/passlib/utils/__pycache__/decor.cpython-310.pyc
 D venv/lib/python3.10/site-packages/passlib/utils/__pycache__/des.cpython-310.pyc
 D venv/lib/python3.10/site-packages/passlib/utils/__pycache__/handlers.cpython-310.pyc
 D venv/lib/python3.10/site-packages/passlib/utils/__pycache__/md4.cpython-310.pyc
 D venv/lib/python3.10/site-packages/passlib/utils/__pycache__/pbkdf2.cpython-310.pyc
 D venv/lib/python3.10/site-packages/passlib/utils/compat/__pycache__/__init__.cpython-310.pyc
 D venv/lib/python3.10/site-packages/passlib/utils/compat/__pycache__/_ordered_dict.cpython-310.pyc
 D venv/lib/python3.10/site-packages/pip/__pycache__/__main__.cpython-310.pyc
 D venv/lib/python3.10/site-packages/pip/_internal/__pycache__/main.cpython-310.pyc
 D venv/lib/python3.10/site-packages/pip/_internal/commands/__pycache__/cache.cpython-310.pyc
 D venv/lib/python3.10/site-packages/pip/_internal/commands/__pycache__/check.cpython-310.pyc
 D venv/lib/python3.10/site-packages/pip/_internal/commands/__pycache__/completion.cpython-310.pyc
 D venv/lib/python3.10/site-packages/pip/_internal/commands/__pycache__/configuration.cpython-310.pyc
 D venv/lib/python3.10/site-packages/pip/_internal/commands/__pycache__/debug.cpython-310.pyc
 D venv/lib/python3.10/site-packages/pip/_internal/commands/__pycache__/download.cpython-310.pyc
 D venv/lib/python3.10/site-packages/pip/_internal/commands/__pycache__/freeze.cpython-310.pyc
 D venv/lib/python3.10/site-packages/pip/_internal/commands/__pycache__/hash.cpython-310.pyc
 D venv/lib/python3.10/site-packages/pip/_internal/commands/__pycache__/help.cpython-310.pyc
 D venv/lib/python3.10/site-packages/pip/_internal/commands/__pycache__/index.cpython-310.pyc
 D venv/lib/python3.10/site-packages/pip/_internal/commands/__pycache__/list.cpython-310.pyc
 D venv/lib/python3.10/site-packages/pip/_internal/commands/__pycache__/search.cpython-310.pyc
 D venv/lib/python3.10/site-packages/pip/_internal/commands/__pycache__/show.cpython-310.pyc
 D venv/lib/python3.10/site-packages/pip/_internal/commands/__pycache__/uninstall.cpython-310.pyc
 D venv/lib/python3.10/site-packages/pip/_internal/commands/__pycache__/wheel.cpython-310.pyc
 D venv/lib/python3.10/site-packages/pip/_internal/network/__pycache__/xmlrpc.cpython-310.pyc
 D venv/lib/python3.10/site-packages/pip/_internal/operations/__pycache__/freeze.cpython-310.pyc
 D venv/lib/python3.10/site-packages/pip/_internal/resolution/legacy/__pycache__/__init__.cpython-310.pyc
 D venv/lib/python3.10/site-packages/pip/_internal/resolution/legacy/__pycache__/resolver.cpython-310.pyc
 D venv/lib/python3.10/site-packages/pip/_internal/utils/__pycache__/datetime.cpython-310.pyc
 D venv/lib/python3.10/site-packages/pip/_internal/utils/__pycache__/entrypoints.cpython-310.pyc
 D venv/lib/python3.10/site-packages/pip/_vendor/__pycache__/typing_extensions.cpython-310.pyc
 D venv/lib/python3.10/site-packages/pip/_vendor/cachecontrol/__pycache__/_cmd.cpython-310.pyc
 D venv/lib/python3.10/site-packages/pip/_vendor/cachecontrol/__pycache__/heuristics.cpython-310.pyc
 D venv/lib/python3.10/site-packages/pip/_vendor/certifi/__pycache__/__main__.cpython-310.pyc
 D venv/lib/python3.10/site-packages/pip/_vendor/chardet/__pycache__/compat.cpython-310.pyc
 D venv/lib/python3.10/site-packages/pip/_vendor/chardet/__pycache__/langhungarianmodel.cpython-310.pyc
 D venv/lib/python3.10/site-packages/pip/_vendor/chardet/cli/__pycache__/__init__.cpython-310.pyc
 D venv/lib/python3.10/site-packages/pip/_vendor/chardet/cli/__pycache__/chardetect.cpython-310.pyc
 D venv/lib/python3.10/site-packages/pip/_vendor/chardet/metadata/__pycache__/__init__.cpython-310.pyc
 D venv/lib/python3.10/site-packages/pip/_vendor/chardet/metadata/__pycache__/languages.cpython-310.pyc
 D venv/lib/python3.10/site-packages/pip/_vendor/distlib/__pycache__/database.cpython-310.pyc
 D venv/lib/python3.10/site-packages/pip/_vendor/distlib/__pycache__/index.cpython-310.pyc
 D venv/lib/python3.10/site-packages/pip/_vendor/distlib/__pycache__/locators.cpython-310.pyc
 D venv/lib/python3.10/site-packages/pip/_vendor/distlib/__pycache__/manifest.cpython-310.pyc
 D venv/lib/python3.10/site-packages/pip/_vendor/distlib/__pycache__/markers.cpython-310.pyc
 D venv/lib/python3.10/site-packages/pip/_vendor/distlib/__pycache__/metadata.cpython-310.pyc
 D venv/lib/python3.10/site-packages/pip/_vendor/distlib/__pycache__/version.cpython-310.pyc
 D venv/lib/python3.10/site-packages/pip/_vendor/distlib/__pycache__/wheel.cpython-310.pyc
 D venv/lib/python3.10/site-packages/pip/_vendor/html5lib/__pycache__/_ihatexml.cpython-310.pyc
 D venv/lib/python3.10/site-packages/pip/_vendor/html5lib/filters/__pycache__/__init__.cpython-310.pyc
 D venv/lib/python3.10/site-packages/pip/_vendor/html5lib/filters/__pycache__/alphabeticalattributes.cpython-310.pyc
 D venv/lib/python3.10/site-packages/pip/_vendor/html5lib/filters/__pycache__/base.cpython-310.pyc
 D venv/lib/python3.10/site-packages/pip/_vendor/html5lib/filters/__pycache__/inject_meta_charset.cpython-310.pyc
 D venv/lib/python3.10/site-packages/pip/_vendor/html5lib/filters/__pycache__/lint.cpython-310.pyc
 D venv/lib/python3.10/site-packages/pip/_vendor/html5lib/filters/__pycache__/optionaltags.cpython-310.pyc
 D venv/lib/python3.10/site-packages/pip/_vendor/html5lib/filters/__pycache__/sanitizer.cpython-310.pyc
 D venv/lib/python3.10/site-packages/pip/_vendor/html5lib/filters/__pycache__/whitespace.cpython-310.pyc
 D venv/lib/python3.10/site-packages/pip/_vendor/html5lib/treeadapters/__pycache__/__init__.cpython-310.pyc
 D venv/lib/python3.10/site-packages/pip/_vendor/html5lib/treeadapters/__pycache__/genshi.cpython-310.pyc
 D venv/lib/python3.10/site-packages/pip/_vendor/html5lib/treeadapters/__pycache__/sax.cpython-310.pyc
 D venv/lib/python3.10/site-packages/pip/_vendor/html5lib/treebuilders/__pycache__/dom.cpython-310.pyc
 D venv/lib/python3.10/site-packages/pip/_vendor/html5lib/treebuilders/__pycache__/etree.cpython-310.pyc
 D venv/lib/python3.10/site-packages/pip/_vendor/html5lib/treebuilders/__pycache__/etree_lxml.cpython-310.pyc
 D venv/lib/python3.10/site-packages/pip/_vendor/html5lib/treewalkers/__pycache__/base.cpython-310.pyc
 D venv/lib/python3.10/site-packages/pip/_vendor/html5lib/treewalkers/__pycache__/dom.cpython-310.pyc
 D venv/lib/python3.10/site-packages/pip/_vendor/html5lib/treewalkers/__pycache__/etree.cpython-310.pyc
 D venv/lib/python3.10/site-packages/pip/_vendor/html5lib/treewalkers/__pycache__/etree_lxml.cpython-310.pyc
 D venv/lib/python3.10/site-packages/pip/_vendor/html5lib/treewalkers/__pycache__/genshi.cpython-310.pyc
 D venv/lib/python3.10/site-packages/pip/_vendor/idna/__pycache__/codec.cpython-310.pyc
 D venv/lib/python3.10/site-packages/pip/_vendor/idna/__pycache__/compat.cpython-310.pyc
 D venv/lib/python3.10/site-packages/pip/_vendor/idna/__pycache__/uts46data.cpython-310.pyc
 D venv/lib/python3.10/site-packages/pip/_vendor/pep517/__pycache__/build.cpython-310.pyc
 D venv/lib/python3.10/site-packages/pip/_vendor/pep517/__pycache__/check.cpython-310.pyc
 D venv/lib/python3.10/site-packages/pip/_vendor/pep517/__pycache__/colorlog.cpython-310.pyc
 D venv/lib/python3.10/site-packages/pip/_vendor/pep517/__pycache__/dirtools.cpython-310.pyc
 D venv/lib/python3.10/site-packages/pip/_vendor/pep517/__pycache__/envbuild.cpython-310.pyc
 D venv/lib/python3.10/site-packages/pip/_vendor/pep517/__pycache__/meta.cpython-310.pyc
 D venv/lib/python3.10/site-packages/pip/_vendor/pep517/in_process/__pycache__/_in_process.cpython-310.pyc
 D venv/lib/python3.10/site-packages/pip/_vendor/platformdirs/__pycache__/__main__.cpython-310.pyc
 D venv/lib/python3.10/site-packages/pip/_vendor/platformdirs/__pycache__/android.cpython-310.pyc
 D venv/lib/python3.10/site-packages/pip/_vendor/platformdirs/__pycache__/macos.cpython-310.pyc
 D venv/lib/python3.10/site-packages/pip/_vendor/platformdirs/__pycache__/windows.cpython-310.pyc
 D venv/lib/python3.10/site-packages/pip/_vendor/progress/__pycache__/counter.cpython-310.pyc
 D venv/lib/python3.10/site-packages/pip/_vendor/pygments/__pycache__/__main__.cpython-310.pyc
 D venv/lib/python3.10/site-packages/pip/_vendor/pygments/__pycache__/cmdline.cpython-310.pyc
 D venv/lib/python3.10/site-packages/pip/_vendor/pygments/__pycache__/console.cpython-310.pyc
 D venv/lib/python3.10/site-packages/pip/_vendor/pygments/__pycache__/formatter.cpython-310.pyc
 D venv/lib/python3.10/site-packages/pip/_vendor/pygments/__pycache__/scanner.cpython-310.pyc
 D venv/lib/python3.10/site-packages/pip/_vendor/pygments/__pycache__/sphinxext.cpython-310.pyc
 D venv/lib/python3.10/site-packages/pip/_vendor/pygments/__pycache__/unistring.cpython-310.pyc
 D venv/lib/python3.10/site-packages/pip/_vendor/pygments/formatters/__pycache__/__init__.cpython-310.pyc
 D venv/lib/python3.10/site-packages/pip/_vendor/pygments/formatters/__pycache__/_mapping.cpython-310.pyc
 D venv/lib/python3.10/site-packages/pip/_vendor/pygments/formatters/__pycache__/bbcode.cpython-310.pyc
 D venv/lib/python3.10/site-packages/pip/_vendor/pygments/formatters/__pycache__/groff.cpython-310.pyc
 D venv/lib/python3.10/site-packages/pip/_vendor/pygments/formatters/__pycache__/html.cpython-310.pyc
 D venv/lib/python3.10/site-packages/pip/_vendor/pygments/formatters/__pycache__/img.cpython-310.pyc
 D venv/lib/python3.10/site-packages/pip/_vendor/pygments/formatters/__pycache__/irc.cpython-310.pyc
 D venv/lib/python3.10/site-packages/pip/_vendor/pygments/formatters/__pycache__/latex.cpython-310.pyc
 D venv/lib/python3.10/site-packages/pip/_vendor/pygments/formatters/__pycache__/other.cpython-310.pyc
 D venv/lib/python3.10/site-packages/pip/_vendor/pygments/formatters/__pycache__/pangomarkup.cpython-310.pyc
 D venv/lib/python3.10/site-packages/pip/_vendor/pygments/formatters/__pycache__/rtf.cpython-310.pyc
 D venv/lib/python3.10/site-packages/pip/_vendor/pygments/formatters/__pycache__/svg.cpython-310.pyc
 D venv/lib/python3.10/site-packages/pip/_vendor/pygments/formatters/__pycache__/terminal.cpython-310.pyc
 D venv/lib/python3.10/site-packages/pip/_vendor/pygments/formatters/__pycache__/terminal256.cpython-310.pyc
 D venv/lib/python3.10/site-packages/pip/_vendor/pygments/lexers/__pycache__/python.cpython-310.pyc
 D venv/lib/python3.10/site-packages/pip/_vendor/pyparsing/diagram/__pycache__/__init__.cpython-310.pyc
 D venv/lib/python3.10/site-packages/pip/_vendor/requests/__pycache__/help.cpython-310.pyc
 D venv/lib/python3.10/site-packages/pip/_vendor/rich/__pycache__/__main__.cpython-310.pyc
 D venv/lib/python3.10/site-packages/pip/_vendor/rich/__pycache__/_inspect.cpython-310.pyc
 D venv/lib/python3.10/site-packages/pip/_vendor/rich/__pycache__/_stack.cpython-310.pyc
 D venv/lib/python3.10/site-packages/pip/_vendor/rich/__pycache__/_timer.cpython-310.pyc
 D venv/lib/python3.10/site-packages/pip/_vendor/rich/__pycache__/_windows.cpython-310.pyc
 D venv/lib/python3.10/site-packages/pip/_vendor/rich/__pycache__/bar.cpython-310.pyc
 M venv/lib/python3.10/site-packages/pip/_vendor/rich/__pycache__/console.cpython-310.pyc
 D venv/lib/python3.10/site-packages/pip/_vendor/rich/__pycache__/diagnose.cpython-310.pyc
 D venv/lib/python3.10/site-packages/pip/_vendor/rich/__pycache__/json.cpython-310.pyc
 D venv/lib/python3.10/site-packages/pip/_vendor/rich/__pycache__/layout.cpython-310.pyc
 M venv/lib/python3.10/site-packages/pip/_vendor/rich/__pycache__/pretty.cpython-310.pyc
 D venv/lib/python3.10/site-packages/pip/_vendor/rich/__pycache__/prompt.cpython-310.pyc
 D venv/lib/python3.10/site-packages/pip/_vendor/rich/__pycache__/rule.cpython-310.pyc
 D venv/lib/python3.10/site-packages/pip/_vendor/rich/__pycache__/status.cpython-310.pyc
 D venv/lib/python3.10/site-packages/pip/_vendor/rich/__pycache__/tabulate.cpython-310.pyc
 D venv/lib/python3.10/site-packages/pip/_vendor/rich/__pycache__/tree.cpython-310.pyc
 D venv/lib/python3.10/site-packages/pip/_vendor/tenacity/__pycache__/tornadoweb.cpython-310.pyc
 D venv/lib/python3.10/site-packages/pip/_vendor/urllib3/contrib/__pycache__/appengine.cpython-310.pyc
 D venv/lib/python3.10/site-packages/pip/_vendor/urllib3/contrib/__pycache__/ntlmpool.cpython-310.pyc
 D venv/lib/python3.10/site-packages/pip/_vendor/urllib3/contrib/__pycache__/pyopenssl.cpython-310.pyc
 D venv/lib/python3.10/site-packages/pip/_vendor/urllib3/contrib/__pycache__/securetransport.cpython-310.pyc
 D venv/lib/python3.10/site-packages/pip/_vendor/urllib3/contrib/_securetransport/__pycache__/__init__.cpython-310.pyc
 D venv/lib/python3.10/site-packages/pip/_vendor/urllib3/contrib/_securetransport/__pycache__/bindings.cpython-310.pyc
 D venv/lib/python3.10/site-packages/pip/_vendor/urllib3/contrib/_securetransport/__pycache__/low_level.cpython-310.pyc
 D venv/lib/python3.10/site-packages/pip/_vendor/urllib3/packages/backports/__pycache__/__init__.cpython-310.pyc
 D venv/lib/python3.10/site-packages/pip/_vendor/urllib3/packages/backports/__pycache__/makefile.cpython-310.pyc
 D venv/lib/python3.10/site-packages/pip/_vendor/webencodings/__pycache__/mklabels.cpython-310.pyc
 D venv/lib/python3.10/site-packages/pip/_vendor/webencodings/__pycache__/tests.cpython-310.pyc
 D venv/lib/python3.10/site-packages/pip/_vendor/webencodings/__pycache__/x_user_defined.cpython-310.pyc
 D venv/lib/python3.10/site-packages/pkg_resources/__pycache__/__init__.cpython-310.pyc
 D venv/lib/python3.10/site-packages/pkg_resources/_vendor/__pycache__/__init__.cpython-310.pyc
 D venv/lib/python3.10/site-packages/pkg_resources/_vendor/__pycache__/appdirs.cpython-310.pyc
 D venv/lib/python3.10/site-packages/pkg_resources/_vendor/__pycache__/pyparsing.cpython-310.pyc
 D venv/lib/python3.10/site-packages/pkg_resources/_vendor/packaging/__pycache__/__about__.cpython-310.pyc
 D venv/lib/python3.10/site-packages/pkg_resources/_vendor/packaging/__pycache__/__init__.cpython-310.pyc
 D venv/lib/python3.10/site-packages/pkg_resources/_vendor/packaging/__pycache__/_manylinux.cpython-310.pyc
 D venv/lib/python3.10/site-packages/pkg_resources/_vendor/packaging/__pycache__/_musllinux.cpython-310.pyc
 D venv/lib/python3.10/site-packages/pkg_resources/_vendor/packaging/__pycache__/_structures.cpython-310.pyc
 D venv/lib/python3.10/site-packages/pkg_resources/_vendor/packaging/__pycache__/markers.cpython-310.pyc
 D venv/lib/python3.10/site-packages/pkg_resources/_vendor/packaging/__pycache__/requirements.cpython-310.pyc
 D venv/lib/python3.10/site-packages/pkg_resources/_vendor/packaging/__pycache__/specifiers.cpython-310.pyc
 D venv/lib/python3.10/site-packages/pkg_resources/_vendor/packaging/__pycache__/tags.cpython-310.pyc
 D venv/lib/python3.10/site-packages/pkg_resources/_vendor/packaging/__pycache__/utils.cpython-310.pyc
 D venv/lib/python3.10/site-packages/pkg_resources/_vendor/packaging/__pycache__/version.cpython-310.pyc
 D venv/lib/python3.10/site-packages/pkg_resources/extern/__pycache__/__init__.cpython-310.pyc
 D venv/lib/python3.10/site-packages/pkg_resources/tests/data/my-test-package-source/__pycache__/setup.cpython-310.pyc
 D venv/lib/python3.10/site-packages/pyasn1/__pycache__/__init__.cpython-310.pyc
 D venv/lib/python3.10/site-packages/pyasn1/__pycache__/debug.cpython-310.pyc
 D venv/lib/python3.10/site-packages/pyasn1/__pycache__/error.cpython-310.pyc
 D venv/lib/python3.10/site-packages/pyasn1/codec/__pycache__/__init__.cpython-310.pyc
 D venv/lib/python3.10/site-packages/pyasn1/codec/__pycache__/streaming.cpython-310.pyc
 D venv/lib/python3.10/site-packages/pyasn1/codec/ber/__pycache__/__init__.cpython-310.pyc
 D venv/lib/python3.10/site-packages/pyasn1/codec/ber/__pycache__/decoder.cpython-310.pyc
 D venv/lib/python3.10/site-packages/pyasn1/codec/ber/__pycache__/encoder.cpython-310.pyc
 D venv/lib/python3.10/site-packages/pyasn1/codec/ber/__pycache__/eoo.cpython-310.pyc
 D venv/lib/python3.10/site-packages/pyasn1/codec/cer/__pycache__/__init__.cpython-310.pyc
 D venv/lib/python3.10/site-packages/pyasn1/codec/cer/__pycache__/decoder.cpython-310.pyc
 D venv/lib/python3.10/site-packages/pyasn1/codec/cer/__pycache__/encoder.cpython-310.pyc
 D venv/lib/python3.10/site-packages/pyasn1/codec/der/__pycache__/__init__.cpython-310.pyc
 D venv/lib/python3.10/site-packages/pyasn1/codec/der/__pycache__/decoder.cpython-310.pyc
 D venv/lib/python3.10/site-packages/pyasn1/codec/der/__pycache__/encoder.cpython-310.pyc
 D venv/lib/python3.10/site-packages/pyasn1/codec/native/__pycache__/__init__.cpython-310.pyc
 D venv/lib/python3.10/site-packages/pyasn1/codec/native/__pycache__/decoder.cpython-310.pyc
 D venv/lib/python3.10/site-packages/pyasn1/codec/native/__pycache__/encoder.cpython-310.pyc
 D venv/lib/python3.10/site-packages/pyasn1/compat/__pycache__/__init__.cpython-310.pyc
 D venv/lib/python3.10/site-packages/pyasn1/compat/__pycache__/integer.cpython-310.pyc
 D venv/lib/python3.10/site-packages/pyasn1/type/__pycache__/__init__.cpython-310.pyc
 D venv/lib/python3.10/site-packages/pyasn1/type/__pycache__/base.cpython-310.pyc
 D venv/lib/python3.10/site-packages/pyasn1/type/__pycache__/char.cpython-310.pyc
 D venv/lib/python3.10/site-packages/pyasn1/type/__pycache__/constraint.cpython-310.pyc
 D venv/lib/python3.10/site-packages/pyasn1/type/__pycache__/error.cpython-310.pyc
 D venv/lib/python3.10/site-packages/pyasn1/type/__pycache__/namedtype.cpython-310.pyc
 D venv/lib/python3.10/site-packages/pyasn1/type/__pycache__/namedval.cpython-310.pyc
 D venv/lib/python3.10/site-packages/pyasn1/type/__pycache__/opentype.cpython-310.pyc
 D venv/lib/python3.10/site-packages/pyasn1/type/__pycache__/tag.cpython-310.pyc
 D venv/lib/python3.10/site-packages/pyasn1/type/__pycache__/tagmap.cpython-310.pyc
 D venv/lib/python3.10/site-packages/pyasn1/type/__pycache__/univ.cpython-310.pyc
 D venv/lib/python3.10/site-packages/pyasn1/type/__pycache__/useful.cpython-310.pyc
 D venv/lib/python3.10/site-packages/pydantic/__pycache__/class_validators.cpython-310.pyc
 D venv/lib/python3.10/site-packages/pydantic/__pycache__/datetime_parse.cpython-310.pyc
 D venv/lib/python3.10/site-packages/pydantic/__pycache__/decorator.cpython-310.pyc
 D venv/lib/python3.10/site-packages/pydantic/__pycache__/env_settings.cpython-310.pyc
 D venv/lib/python3.10/site-packages/pydantic/__pycache__/error_wrappers.cpython-310.pyc
 D venv/lib/python3.10/site-packages/pydantic/__pycache__/generics.cpython-310.pyc
 D venv/lib/python3.10/site-packages/pydantic/__pycache__/json.cpython-310.pyc
 D venv/lib/python3.10/site-packages/pydantic/__pycache__/mypy.cpython-310.pyc
 D venv/lib/python3.10/site-packages/pydantic/__pycache__/parse.cpython-310.pyc
 D venv/lib/python3.10/site-packages/pydantic/__pycache__/root_model.cpython-310.pyc
 D venv/lib/python3.10/site-packages/pydantic/__pycache__/schema.cpython-310.pyc
 D venv/lib/python3.10/site-packages/pydantic/__pycache__/tools.cpython-310.pyc
 D venv/lib/python3.10/site-packages/pydantic/__pycache__/typing.cpython-310.pyc
 D venv/lib/python3.10/site-packages/pydantic/__pycache__/utils.cpython-310.pyc
 D venv/lib/python3.10/site-packages/pydantic/__pycache__/validate_call_decorator.cpython-310.pyc
 D venv/lib/python3.10/site-packages/pydantic/__pycache__/validators.cpython-310.pyc
 D venv/lib/python3.10/site-packages/pydantic/_internal/__pycache__/_decorators_v1.cpython-310.pyc
 D venv/lib/python3.10/site-packages/pydantic/_internal/__pycache__/_git.cpython-310.pyc
 D venv/lib/python3.10/site-packages/pydantic/_internal/__pycache__/_validate_call.cpython-310.pyc
 D venv/lib/python3.10/site-packages/pydantic/deprecated/__pycache__/__init__.cpython-310.pyc
 D venv/lib/python3.10/site-packages/pydantic/deprecated/__pycache__/class_validators.cpython-310.pyc
 D venv/lib/python3.10/site-packages/pydantic/deprecated/__pycache__/config.cpython-310.pyc
 D venv/lib/python3.10/site-packages/pydantic/deprecated/__pycache__/copy_internals.cpython-310.pyc
 D venv/lib/python3.10/site-packages/pydantic/deprecated/__pycache__/decorator.cpython-310.pyc
 D venv/lib/python3.10/site-packages/pydantic/deprecated/__pycache__/json.cpython-310.pyc
 D venv/lib/python3.10/site-packages/pydantic/deprecated/__pycache__/parse.cpython-310.pyc
 D venv/lib/python3.10/site-packages/pydantic/deprecated/__pycache__/tools.cpython-310.pyc
 D venv/lib/python3.10/site-packages/pydantic/experimental/__pycache__/__init__.cpython-310.pyc
 D venv/lib/python3.10/site-packages/pydantic/experimental/__pycache__/arguments_schema.cpython-310.pyc
 D venv/lib/python3.10/site-packages/pydantic/experimental/__pycache__/missing_sentinel.cpython-310.pyc
 D venv/lib/python3.10/site-packages/pydantic/experimental/__pycache__/pipeline.cpython-310.pyc
 D venv/lib/python3.10/site-packages/pydantic/v1/__pycache__/_hypothesis_plugin.cpython-310.pyc
 D venv/lib/python3.10/site-packages/pydantic/v1/__pycache__/generics.cpython-310.pyc
 D venv/lib/python3.10/site-packages/pydantic/v1/__pycache__/mypy.cpython-310.pyc
 D venv/lib/python3.10/site-packages/rsa/__pycache__/__init__.cpython-310.pyc
 D venv/lib/python3.10/site-packages/rsa/__pycache__/asn1.cpython-310.pyc
 D venv/lib/python3.10/site-packages/rsa/__pycache__/cli.cpython-310.pyc
 D venv/lib/python3.10/site-packages/rsa/__pycache__/common.cpython-310.pyc
 D venv/lib/python3.10/site-packages/rsa/__pycache__/core.cpython-310.pyc
 D venv/lib/python3.10/site-packages/rsa/__pycache__/key.cpython-310.pyc
 D venv/lib/python3.10/site-packages/rsa/__pycache__/parallel.cpython-310.pyc
 D venv/lib/python3.10/site-packages/rsa/__pycache__/pem.cpython-310.pyc
 D venv/lib/python3.10/site-packages/rsa/__pycache__/pkcs1.cpython-310.pyc
 D venv/lib/python3.10/site-packages/rsa/__pycache__/pkcs1_v2.cpython-310.pyc
 D venv/lib/python3.10/site-packages/rsa/__pycache__/prime.cpython-310.pyc
 D venv/lib/python3.10/site-packages/rsa/__pycache__/randnum.cpython-310.pyc
 D venv/lib/python3.10/site-packages/rsa/__pycache__/transform.cpython-310.pyc
 D venv/lib/python3.10/site-packages/rsa/__pycache__/util.cpython-310.pyc
 D venv/lib/python3.10/site-packages/setuptools/__pycache__/__init__.cpython-310.pyc
 D venv/lib/python3.10/site-packages/setuptools/__pycache__/_deprecation_warning.cpython-310.pyc
 D venv/lib/python3.10/site-packages/setuptools/__pycache__/_imp.cpython-310.pyc
 D venv/lib/python3.10/site-packages/setuptools/__pycache__/archive_util.cpython-310.pyc
 D venv/lib/python3.10/site-packages/setuptools/__pycache__/build_meta.cpython-310.pyc
 D venv/lib/python3.10/site-packages/setuptools/__pycache__/config.cpython-310.pyc
 D venv/lib/python3.10/site-packages/setuptools/__pycache__/dep_util.cpython-310.pyc
 D venv/lib/python3.10/site-packages/setuptools/__pycache__/depends.cpython-310.pyc
 D venv/lib/python3.10/site-packages/setuptools/__pycache__/dist.cpython-310.pyc
 D venv/lib/python3.10/site-packages/setuptools/__pycache__/errors.cpython-310.pyc
 D venv/lib/python3.10/site-packages/setuptools/__pycache__/extension.cpython-310.pyc
 D venv/lib/python3.10/site-packages/setuptools/__pycache__/glob.cpython-310.pyc
 D venv/lib/python3.10/site-packages/setuptools/__pycache__/installer.cpython-310.pyc
 D venv/lib/python3.10/site-packages/setuptools/__pycache__/launch.cpython-310.pyc
 D venv/lib/python3.10/site-packages/setuptools/__pycache__/monkey.cpython-310.pyc
 D venv/lib/python3.10/site-packages/setuptools/__pycache__/msvc.cpython-310.pyc
 D venv/lib/python3.10/site-packages/setuptools/__pycache__/namespaces.cpython-310.pyc
 D venv/lib/python3.10/site-packages/setuptools/__pycache__/package_index.cpython-310.pyc
 D venv/lib/python3.10/site-packages/setuptools/__pycache__/py34compat.cpython-310.pyc
 D venv/lib/python3.10/site-packages/setuptools/__pycache__/sandbox.cpython-310.pyc
 D venv/lib/python3.10/site-packages/setuptools/__pycache__/unicode_utils.cpython-310.pyc
 D venv/lib/python3.10/site-packages/setuptools/__pycache__/version.cpython-310.pyc
 D venv/lib/python3.10/site-packages/setuptools/__pycache__/wheel.cpython-310.pyc
 D venv/lib/python3.10/site-packages/setuptools/__pycache__/windows_support.cpython-310.pyc
 D venv/lib/python3.10/site-packages/setuptools/_distutils/__pycache__/__init__.cpython-310.pyc
 D venv/lib/python3.10/site-packages/setuptools/_distutils/__pycache__/_msvccompiler.cpython-310.pyc
 D venv/lib/python3.10/site-packages/setuptools/_distutils/__pycache__/archive_util.cpython-310.pyc
 D venv/lib/python3.10/site-packages/setuptools/_distutils/__pycache__/bcppcompiler.cpython-310.pyc
 D venv/lib/python3.10/site-packages/setuptools/_distutils/__pycache__/ccompiler.cpython-310.pyc
 D venv/lib/python3.10/site-packages/setuptools/_distutils/__pycache__/cmd.cpython-310.pyc
 D venv/lib/python3.10/site-packages/setuptools/_distutils/__pycache__/config.cpython-310.pyc
 D venv/lib/python3.10/site-packages/setuptools/_distutils/__pycache__/core.cpython-310.pyc
 D venv/lib/python3.10/site-packages/setuptools/_distutils/__pycache__/cygwinccompiler.cpython-310.pyc
 D venv/lib/python3.10/site-packages/setuptools/_distutils/__pycache__/debug.cpython-310.pyc
 D venv/lib/python3.10/site-packages/setuptools/_distutils/__pycache__/dep_util.cpython-310.pyc
 D venv/lib/python3.10/site-packages/setuptools/_distutils/__pycache__/dir_util.cpython-310.pyc
 D venv/lib/python3.10/site-packages/setuptools/_distutils/__pycache__/dist.cpython-310.pyc
 D venv/lib/python3.10/site-packages/setuptools/_distutils/__pycache__/errors.cpython-310.pyc
 D venv/lib/python3.10/site-packages/setuptools/_distutils/__pycache__/extension.cpython-310.pyc
 D venv/lib/python3.10/site-packages/setuptools/_distutils/__pycache__/fancy_getopt.cpython-310.pyc
 D venv/lib/python3.10/site-packages/setuptools/_distutils/__pycache__/file_util.cpython-310.pyc
 D venv/lib/python3.10/site-packages/setuptools/_distutils/__pycache__/filelist.cpython-310.pyc
 D venv/lib/python3.10/site-packages/setuptools/_distutils/__pycache__/log.cpython-310.pyc
 D venv/lib/python3.10/site-packages/setuptools/_distutils/__pycache__/msvc9compiler.cpython-310.pyc
 D venv/lib/python3.10/site-packages/setuptools/_distutils/__pycache__/msvccompiler.cpython-310.pyc
 D venv/lib/python3.10/site-packages/setuptools/_distutils/__pycache__/py35compat.cpython-310.pyc
 D venv/lib/python3.10/site-packages/setuptools/_distutils/__pycache__/py38compat.cpython-310.pyc
 D venv/lib/python3.10/site-packages/setuptools/_distutils/__pycache__/spawn.cpython-310.pyc
 D venv/lib/python3.10/site-packages/setuptools/_distutils/__pycache__/sysconfig.cpython-310.pyc
 D venv/lib/python3.10/site-packages/setuptools/_distutils/__pycache__/text_file.cpython-310.pyc
 D venv/lib/python3.10/site-packages/setuptools/_distutils/__pycache__/unixccompiler.cpython-310.pyc
 D venv/lib/python3.10/site-packages/setuptools/_distutils/__pycache__/util.cpython-310.pyc
 D venv/lib/python3.10/site-packages/setuptools/_distutils/__pycache__/version.cpython-310.pyc
 D venv/lib/python3.10/site-packages/setuptools/_distutils/__pycache__/versionpredicate.cpython-310.pyc
 D venv/lib/python3.10/site-packages/setuptools/_distutils/command/__pycache__/__init__.cpython-310.pyc
 D venv/lib/python3.10/site-packages/setuptools/_distutils/command/__pycache__/bdist.cpython-310.pyc
 D venv/lib/python3.10/site-packages/setuptools/_distutils/command/__pycache__/bdist_dumb.cpython-310.pyc
 D venv/lib/python3.10/site-packages/setuptools/_distutils/command/__pycache__/bdist_msi.cpython-310.pyc
 D venv/lib/python3.10/site-packages/setuptools/_distutils/command/__pycache__/bdist_rpm.cpython-310.pyc
 D venv/lib/python3.10/site-packages/setuptools/_distutils/command/__pycache__/bdist_wininst.cpython-310.pyc
 D venv/lib/python3.10/site-packages/setuptools/_distutils/command/__pycache__/build.cpython-310.pyc
 D venv/lib/python3.10/site-packages/setuptools/_distutils/command/__pycache__/build_clib.cpython-310.pyc
 D venv/lib/python3.10/site-packages/setuptools/_distutils/command/__pycache__/build_ext.cpython-310.pyc
 D venv/lib/python3.10/site-packages/setuptools/_distutils/command/__pycache__/build_py.cpython-310.pyc
 D venv/lib/python3.10/site-packages/setuptools/_distutils/command/__pycache__/build_scripts.cpython-310.pyc
 D venv/lib/python3.10/site-packages/setuptools/_distutils/command/__pycache__/check.cpython-310.pyc
 D venv/lib/python3.10/site-packages/setuptools/_distutils/command/__pycache__/clean.cpython-310.pyc
 D venv/lib/python3.10/site-packages/setuptools/_distutils/command/__pycache__/config.cpython-310.pyc
 D venv/lib/python3.10/site-packages/setuptools/_distutils/command/__pycache__/install.cpython-310.pyc
 D venv/lib/python3.10/site-packages/setuptools/_distutils/command/__pycache__/install_data.cpython-310.pyc
 D venv/lib/python3.10/site-packages/setuptools/_distutils/command/__pycache__/install_egg_info.cpython-310.pyc
 D venv/lib/python3.10/site-packages/setuptools/_distutils/command/__pycache__/install_headers.cpython-310.pyc
 D venv/lib/python3.10/site-packages/setuptools/_distutils/command/__pycache__/install_lib.cpython-310.pyc
 D venv/lib/python3.10/site-packages/setuptools/_distutils/command/__pycache__/install_scripts.cpython-310.pyc
 D venv/lib/python3.10/site-packages/setuptools/_distutils/command/__pycache__/py37compat.cpython-310.pyc
 D venv/lib/python3.10/site-packages/setuptools/_distutils/command/__pycache__/register.cpython-310.pyc
 D venv/lib/python3.10/site-packages/setuptools/_distutils/command/__pycache__/sdist.cpython-310.pyc
 D venv/lib/python3.10/site-packages/setuptools/_distutils/command/__pycache__/upload.cpython-310.pyc
 D venv/lib/python3.10/site-packages/setuptools/_vendor/__pycache__/__init__.cpython-310.pyc
 D venv/lib/python3.10/site-packages/setuptools/_vendor/__pycache__/ordered_set.cpython-310.pyc
 D venv/lib/python3.10/site-packages/setuptools/_vendor/__pycache__/pyparsing.cpython-310.pyc
 D venv/lib/python3.10/site-packages/setuptools/_vendor/more_itertools/__pycache__/__init__.cpython-310.pyc
 D venv/lib/python3.10/site-packages/setuptools/_vendor/more_itertools/__pycache__/more.cpython-310.pyc
 D venv/lib/python3.10/site-packages/setuptools/_vendor/more_itertools/__pycache__/recipes.cpython-310.pyc
 D venv/lib/python3.10/site-packages/setuptools/_vendor/packaging/__pycache__/__about__.cpython-310.pyc
 D venv/lib/python3.10/site-packages/setuptools/_vendor/packaging/__pycache__/__init__.cpython-310.pyc
 D venv/lib/python3.10/site-packages/setuptools/_vendor/packaging/__pycache__/_manylinux.cpython-310.pyc
 D venv/lib/python3.10/site-packages/setuptools/_vendor/packaging/__pycache__/_musllinux.cpython-310.pyc
 D venv/lib/python3.10/site-packages/setuptools/_vendor/packaging/__pycache__/_structures.cpython-310.pyc
 D venv/lib/python3.10/site-packages/setuptools/_vendor/packaging/__pycache__/markers.cpython-310.pyc
 D venv/lib/python3.10/site-packages/setuptools/_vendor/packaging/__pycache__/requirements.cpython-310.pyc
 D venv/lib/python3.10/site-packages/setuptools/_vendor/packaging/__pycache__/specifiers.cpython-310.pyc
 D venv/lib/python3.10/site-packages/setuptools/_vendor/packaging/__pycache__/tags.cpython-310.pyc
 D venv/lib/python3.10/site-packages/setuptools/_vendor/packaging/__pycache__/utils.cpython-310.pyc
 D venv/lib/python3.10/site-packages/setuptools/_vendor/packaging/__pycache__/version.cpython-310.pyc
 D venv/lib/python3.10/site-packages/setuptools/command/__pycache__/__init__.cpython-310.pyc
 D venv/lib/python3.10/site-packages/setuptools/command/__pycache__/alias.cpython-310.pyc
 D venv/lib/python3.10/site-packages/setuptools/command/__pycache__/bdist_egg.cpython-310.pyc
 D venv/lib/python3.10/site-packages/setuptools/command/__pycache__/bdist_rpm.cpython-310.pyc
 D venv/lib/python3.10/site-packages/setuptools/command/__pycache__/build_clib.cpython-310.pyc
 D venv/lib/python3.10/site-packages/setuptools/command/__pycache__/build_ext.cpython-310.pyc
 D venv/lib/python3.10/site-packages/setuptools/command/__pycache__/build_py.cpython-310.pyc
 D venv/lib/python3.10/site-packages/setuptools/command/__pycache__/develop.cpython-310.pyc
 D venv/lib/python3.10/site-packages/setuptools/command/__pycache__/dist_info.cpython-310.pyc
 D venv/lib/python3.10/site-packages/setuptools/command/__pycache__/easy_install.cpython-310.pyc
 D venv/lib/python3.10/site-packages/setuptools/command/__pycache__/egg_info.cpython-310.pyc
 D venv/lib/python3.10/site-packages/setuptools/command/__pycache__/install.cpython-310.pyc
 D venv/lib/python3.10/site-packages/setuptools/command/__pycache__/install_egg_info.cpython-310.pyc
 D venv/lib/python3.10/site-packages/setuptools/command/__pycache__/install_lib.cpython-310.pyc
 D venv/lib/python3.10/site-packages/setuptools/command/__pycache__/install_scripts.cpython-310.pyc
 D venv/lib/python3.10/site-packages/setuptools/command/__pycache__/py36compat.cpython-310.pyc
 D venv/lib/python3.10/site-packages/setuptools/command/__pycache__/register.cpython-310.pyc
 D venv/lib/python3.10/site-packages/setuptools/command/__pycache__/rotate.cpython-310.pyc
 D venv/lib/python3.10/site-packages/setuptools/command/__pycache__/saveopts.cpython-310.pyc
 D venv/lib/python3.10/site-packages/setuptools/command/__pycache__/sdist.cpython-310.pyc
 D venv/lib/python3.10/site-packages/setuptools/command/__pycache__/setopt.cpython-310.pyc
 D venv/lib/python3.10/site-packages/setuptools/command/__pycache__/test.cpython-310.pyc
 D venv/lib/python3.10/site-packages/setuptools/command/__pycache__/upload.cpython-310.pyc
 D venv/lib/python3.10/site-packages/setuptools/command/__pycache__/upload_docs.cpython-310.pyc
 D venv/lib/python3.10/site-packages/setuptools/extern/__pycache__/__init__.cpython-310.pyc
 D venv/lib/python3.10/site-packages/sqlalchemy/__pycache__/__init__.cpython-310.pyc
 D venv/lib/python3.10/site-packages/sqlalchemy/__pycache__/events.cpython-310.pyc
 D venv/lib/python3.10/site-packages/sqlalchemy/__pycache__/exc.cpython-310.pyc
 D venv/lib/python3.10/site-packages/sqlalchemy/__pycache__/inspection.cpython-310.pyc
 D venv/lib/python3.10/site-packages/sqlalchemy/__pycache__/log.cpython-310.pyc
 D venv/lib/python3.10/site-packages/sqlalchemy/__pycache__/schema.cpython-310.pyc
 D venv/lib/python3.10/site-packages/sqlalchemy/__pycache__/types.cpython-310.pyc
 D venv/lib/python3.10/site-packages/sqlalchemy/connectors/__pycache__/__init__.cpython-310.pyc
 D venv/lib/python3.10/site-packages/sqlalchemy/connectors/__pycache__/aioodbc.cpython-310.pyc
 D venv/lib/python3.10/site-packages/sqlalchemy/connectors/__pycache__/asyncio.cpython-310.pyc
 D venv/lib/python3.10/site-packages/sqlalchemy/connectors/__pycache__/pyodbc.cpython-310.pyc
 D venv/lib/python3.10/site-packages/sqlalchemy/cyextension/__pycache__/__init__.cpython-310.pyc
 D venv/lib/python3.10/site-packages/sqlalchemy/dialects/__pycache__/__init__.cpython-310.pyc
 D venv/lib/python3.10/site-packages/sqlalchemy/dialects/__pycache__/_typing.cpython-310.pyc
 D venv/lib/python3.10/site-packages/sqlalchemy/dialects/mssql/__pycache__/__init__.cpython-310.pyc
 D venv/lib/python3.10/site-packages/sqlalchemy/dialects/mssql/__pycache__/aioodbc.cpython-310.pyc
 D venv/lib/python3.10/site-packages/sqlalchemy/dialects/mssql/__pycache__/base.cpython-310.pyc
 D venv/lib/python3.10/site-packages/sqlalchemy/dialects/mssql/__pycache__/information_schema.cpython-310.pyc
 D venv/lib/python3.10/site-packages/sqlalchemy/dialects/mssql/__pycache__/json.cpython-310.pyc
 D venv/lib/python3.10/site-packages/sqlalchemy/dialects/mssql/__pycache__/provision.cpython-310.pyc
 D venv/lib/python3.10/site-packages/sqlalchemy/dialects/mssql/__pycache__/pymssql.cpython-310.pyc
 D venv/lib/python3.10/site-packages/sqlalchemy/dialects/mssql/__pycache__/pyodbc.cpython-310.pyc
 D venv/lib/python3.10/site-packages/sqlalchemy/dialects/mysql/__pycache__/__init__.cpython-310.pyc
 D venv/lib/python3.10/site-packages/sqlalchemy/dialects/mysql/__pycache__/aiomysql.cpython-310.pyc
 D venv/lib/python3.10/site-packages/sqlalchemy/dialects/mysql/__pycache__/asyncmy.cpython-310.pyc
 D venv/lib/python3.10/site-packages/sqlalchemy/dialects/mysql/__pycache__/base.cpython-310.pyc
 D venv/lib/python3.10/site-packages/sqlalchemy/dialects/mysql/__pycache__/cymysql.cpython-310.pyc
 D venv/lib/python3.10/site-packages/sqlalchemy/dialects/mysql/__pycache__/dml.cpython-310.pyc
 D venv/lib/python3.10/site-packages/sqlalchemy/dialects/mysql/__pycache__/enumerated.cpython-310.pyc
 D venv/lib/python3.10/site-packages/sqlalchemy/dialects/mysql/__pycache__/expression.cpython-310.pyc
 D venv/lib/python3.10/site-packages/sqlalchemy/dialects/mysql/__pycache__/json.cpython-310.pyc
 D venv/lib/python3.10/site-packages/sqlalchemy/dialects/mysql/__pycache__/mariadb.cpython-310.pyc
 D venv/lib/python3.10/site-packages/sqlalchemy/dialects/mysql/__pycache__/mariadbconnector.cpython-310.pyc
 D venv/lib/python3.10/site-packages/sqlalchemy/dialects/mysql/__pycache__/mysqlconnector.cpython-310.pyc
 D venv/lib/python3.10/site-packages/sqlalchemy/dialects/mysql/__pycache__/mysqldb.cpython-310.pyc
 D venv/lib/python3.10/site-packages/sqlalchemy/dialects/mysql/__pycache__/provision.cpython-310.pyc
 D venv/lib/python3.10/site-packages/sqlalchemy/dialects/mysql/__pycache__/pymysql.cpython-310.pyc
 D venv/lib/python3.10/site-packages/sqlalchemy/dialects/mysql/__pycache__/pyodbc.cpython-310.pyc
 D venv/lib/python3.10/site-packages/sqlalchemy/dialects/mysql/__pycache__/reflection.cpython-310.pyc
 D venv/lib/python3.10/site-packages/sqlalchemy/dialects/mysql/__pycache__/reserved_words.cpython-310.pyc
 D venv/lib/python3.10/site-packages/sqlalchemy/dialects/mysql/__pycache__/types.cpython-310.pyc
 D venv/lib/python3.10/site-packages/sqlalchemy/dialects/oracle/__pycache__/__init__.cpython-310.pyc
 D venv/lib/python3.10/site-packages/sqlalchemy/dialects/oracle/__pycache__/base.cpython-310.pyc
 D venv/lib/python3.10/site-packages/sqlalchemy/dialects/oracle/__pycache__/cx_oracle.cpython-310.pyc
 D venv/lib/python3.10/site-packages/sqlalchemy/dialects/oracle/__pycache__/dictionary.cpython-310.pyc
 D venv/lib/python3.10/site-packages/sqlalchemy/dialects/oracle/__pycache__/oracledb.cpython-310.pyc
 D venv/lib/python3.10/site-packages/sqlalchemy/dialects/oracle/__pycache__/provision.cpython-310.pyc
 D venv/lib/python3.10/site-packages/sqlalchemy/dialects/oracle/__pycache__/types.cpython-310.pyc
 D venv/lib/python3.10/site-packages/sqlalchemy/dialects/oracle/__pycache__/vector.cpython-310.pyc
 D venv/lib/python3.10/site-packages/sqlalchemy/dialects/postgresql/__pycache__/__init__.cpython-310.pyc
 D venv/lib/python3.10/site-packages/sqlalchemy/dialects/postgresql/__pycache__/_psycopg_common.cpython-310.pyc
 D venv/lib/python3.10/site-packages/sqlalchemy/dialects/postgresql/__pycache__/array.cpython-310.pyc
 D venv/lib/python3.10/site-packages/sqlalchemy/dialects/postgresql/__pycache__/asyncpg.cpython-310.pyc
 D venv/lib/python3.10/site-packages/sqlalchemy/dialects/postgresql/__pycache__/base.cpython-310.pyc
 D venv/lib/python3.10/site-packages/sqlalchemy/dialects/postgresql/__pycache__/dml.cpython-310.pyc
 D venv/lib/python3.10/site-packages/sqlalchemy/dialects/postgresql/__pycache__/ext.cpython-310.pyc
 D venv/lib/python3.10/site-packages/sqlalchemy/dialects/postgresql/__pycache__/hstore.cpython-310.pyc
 D venv/lib/python3.10/site-packages/sqlalchemy/dialects/postgresql/__pycache__/json.cpython-310.pyc
 D venv/lib/python3.10/site-packages/sqlalchemy/dialects/postgresql/__pycache__/named_types.cpython-310.pyc
 D venv/lib/python3.10/site-packages/sqlalchemy/dialects/postgresql/__pycache__/operators.cpython-310.pyc
 D venv/lib/python3.10/site-packages/sqlalchemy/dialects/postgresql/__pycache__/pg8000.cpython-310.pyc
 D venv/lib/python3.10/site-packages/sqlalchemy/dialects/postgresql/__pycache__/pg_catalog.cpython-310.pyc
 D venv/lib/python3.10/site-packages/sqlalchemy/dialects/postgresql/__pycache__/provision.cpython-310.pyc
 D venv/lib/python3.10/site-packages/sqlalchemy/dialects/postgresql/__pycache__/psycopg.cpython-310.pyc
 D venv/lib/python3.10/site-packages/sqlalchemy/dialects/postgresql/__pycache__/psycopg2.cpython-310.pyc
 D venv/lib/python3.10/site-packages/sqlalchemy/dialects/postgresql/__pycache__/psycopg2cffi.cpython-310.pyc
 D venv/lib/python3.10/site-packages/sqlalchemy/dialects/postgresql/__pycache__/ranges.cpython-310.pyc
 D venv/lib/python3.10/site-packages/sqlalchemy/dialects/postgresql/__pycache__/types.cpython-310.pyc
 D venv/lib/python3.10/site-packages/sqlalchemy/dialects/sqlite/__pycache__/__init__.cpython-310.pyc
 D venv/lib/python3.10/site-packages/sqlalchemy/dialects/sqlite/__pycache__/aiosqlite.cpython-310.pyc
 D venv/lib/python3.10/site-packages/sqlalchemy/dialects/sqlite/__pycache__/base.cpython-310.pyc
 D venv/lib/python3.10/site-packages/sqlalchemy/dialects/sqlite/__pycache__/dml.cpython-310.pyc
 D venv/lib/python3.10/site-packages/sqlalchemy/dialects/sqlite/__pycache__/json.cpython-310.pyc
 D venv/lib/python3.10/site-packages/sqlalchemy/dialects/sqlite/__pycache__/provision.cpython-310.pyc
 D venv/lib/python3.10/site-packages/sqlalchemy/dialects/sqlite/__pycache__/pysqlcipher.cpython-310.pyc
 D venv/lib/python3.10/site-packages/sqlalchemy/dialects/sqlite/__pycache__/pysqlite.cpython-310.pyc
 D venv/lib/python3.10/site-packages/sqlalchemy/engine/__pycache__/__init__.cpython-310.pyc
 D venv/lib/python3.10/site-packages/sqlalchemy/engine/__pycache__/_py_processors.cpython-310.pyc
 D venv/lib/python3.10/site-packages/sqlalchemy/engine/__pycache__/_py_row.cpython-310.pyc
 D venv/lib/python3.10/site-packages/sqlalchemy/engine/__pycache__/_py_util.cpython-310.pyc
 D venv/lib/python3.10/site-packages/sqlalchemy/engine/__pycache__/base.cpython-310.pyc
 D venv/lib/python3.10/site-packages/sqlalchemy/engine/__pycache__/characteristics.cpython-310.pyc
 D venv/lib/python3.10/site-packages/sqlalchemy/engine/__pycache__/create.cpython-310.pyc
 D venv/lib/python3.10/site-packages/sqlalchemy/engine/__pycache__/cursor.cpython-310.pyc
 D venv/lib/python3.10/site-packages/sqlalchemy/engine/__pycache__/default.cpython-310.pyc
 D venv/lib/python3.10/site-packages/sqlalchemy/engine/__pycache__/events.cpython-310.pyc
 D venv/lib/python3.10/site-packages/sqlalchemy/engine/__pycache__/interfaces.cpython-310.pyc
 D venv/lib/python3.10/site-packages/sqlalchemy/engine/__pycache__/mock.cpython-310.pyc
 D venv/lib/python3.10/site-packages/sqlalchemy/engine/__pycache__/processors.cpython-310.pyc
 D venv/lib/python3.10/site-packages/sqlalchemy/engine/__pycache__/reflection.cpython-310.pyc
 D venv/lib/python3.10/site-packages/sqlalchemy/engine/__pycache__/result.cpython-310.pyc
 D venv/lib/python3.10/site-packages/sqlalchemy/engine/__pycache__/row.cpython-310.pyc
 D venv/lib/python3.10/site-packages/sqlalchemy/engine/__pycache__/strategies.cpython-310.pyc
 D venv/lib/python3.10/site-packages/sqlalchemy/engine/__pycache__/url.cpython-310.pyc
 D venv/lib/python3.10/site-packages/sqlalchemy/engine/__pycache__/util.cpython-310.pyc
 D venv/lib/python3.10/site-packages/sqlalchemy/event/__pycache__/__init__.cpython-310.pyc
 D venv/lib/python3.10/site-packages/sqlalchemy/event/__pycache__/api.cpython-310.pyc
 D venv/lib/python3.10/site-packages/sqlalchemy/event/__pycache__/attr.cpython-310.pyc
 D venv/lib/python3.10/site-packages/sqlalchemy/event/__pycache__/base.cpython-310.pyc
 D venv/lib/python3.10/site-packages/sqlalchemy/event/__pycache__/legacy.cpython-310.pyc
 D venv/lib/python3.10/site-packages/sqlalchemy/event/__pycache__/registry.cpython-310.pyc
 D venv/lib/python3.10/site-packages/sqlalchemy/ext/__pycache__/__init__.cpython-310.pyc
 D venv/lib/python3.10/site-packages/sqlalchemy/ext/__pycache__/associationproxy.cpython-310.pyc
 D venv/lib/python3.10/site-packages/sqlalchemy/ext/__pycache__/automap.cpython-310.pyc
 D venv/lib/python3.10/site-packages/sqlalchemy/ext/__pycache__/baked.cpython-310.pyc
 D venv/lib/python3.10/site-packages/sqlalchemy/ext/__pycache__/compiler.cpython-310.pyc
 D venv/lib/python3.10/site-packages/sqlalchemy/ext/__pycache__/horizontal_shard.cpython-310.pyc
 D venv/lib/python3.10/site-packages/sqlalchemy/ext/__pycache__/hybrid.cpython-310.pyc
 D venv/lib/python3.10/site-packages/sqlalchemy/ext/__pycache__/indexable.cpython-310.pyc
 D venv/lib/python3.10/site-packages/sqlalchemy/ext/__pycache__/instrumentation.cpython-310.pyc
 D venv/lib/python3.10/site-packages/sqlalchemy/ext/__pycache__/mutable.cpython-310.pyc
 D venv/lib/python3.10/site-packages/sqlalchemy/ext/__pycache__/orderinglist.cpython-310.pyc
 D venv/lib/python3.10/site-packages/sqlalchemy/ext/__pycache__/serializer.cpython-310.pyc
 D venv/lib/python3.10/site-packages/sqlalchemy/ext/asyncio/__pycache__/__init__.cpython-310.pyc
 D venv/lib/python3.10/site-packages/sqlalchemy/ext/asyncio/__pycache__/base.cpython-310.pyc
 D venv/lib/python3.10/site-packages/sqlalchemy/ext/asyncio/__pycache__/engine.cpython-310.pyc
 D venv/lib/python3.10/site-packages/sqlalchemy/ext/asyncio/__pycache__/exc.cpython-310.pyc
 D venv/lib/python3.10/site-packages/sqlalchemy/ext/asyncio/__pycache__/result.cpython-310.pyc
 D venv/lib/python3.10/site-packages/sqlalchemy/ext/asyncio/__pycache__/scoping.cpython-310.pyc
 D venv/lib/python3.10/site-packages/sqlalchemy/ext/asyncio/__pycache__/session.cpython-310.pyc
 D venv/lib/python3.10/site-packages/sqlalchemy/ext/declarative/__pycache__/__init__.cpython-310.pyc
 D venv/lib/python3.10/site-packages/sqlalchemy/ext/declarative/__pycache__/extensions.cpython-310.pyc
 D venv/lib/python3.10/site-packages/sqlalchemy/ext/mypy/__pycache__/__init__.cpython-310.pyc
 D venv/lib/python3.10/site-packages/sqlalchemy/ext/mypy/__pycache__/apply.cpython-310.pyc
 D venv/lib/python3.10/site-packages/sqlalchemy/ext/mypy/__pycache__/decl_class.cpython-310.pyc
 D venv/lib/python3.10/site-packages/sqlalchemy/ext/mypy/__pycache__/infer.cpython-310.pyc
 D venv/lib/python3.10/site-packages/sqlalchemy/ext/mypy/__pycache__/names.cpython-310.pyc
 D venv/lib/python3.10/site-packages/sqlalchemy/ext/mypy/__pycache__/plugin.cpython-310.pyc
 D venv/lib/python3.10/site-packages/sqlalchemy/ext/mypy/__pycache__/util.cpython-310.pyc
 D venv/lib/python3.10/site-packages/sqlalchemy/future/__pycache__/__init__.cpython-310.pyc
 D venv/lib/python3.10/site-packages/sqlalchemy/future/__pycache__/engine.cpython-310.pyc
 D venv/lib/python3.10/site-packages/sqlalchemy/orm/__pycache__/__init__.cpython-310.pyc
 D venv/lib/python3.10/site-packages/sqlalchemy/orm/__pycache__/_orm_constructors.cpython-310.pyc
 D venv/lib/python3.10/site-packages/sqlalchemy/orm/__pycache__/_typing.cpython-310.pyc
 D venv/lib/python3.10/site-packages/sqlalchemy/orm/__pycache__/attributes.cpython-310.pyc
 D venv/lib/python3.10/site-packages/sqlalchemy/orm/__pycache__/base.cpython-310.pyc
 D venv/lib/python3.10/site-packages/sqlalchemy/orm/__pycache__/bulk_persistence.cpython-310.pyc
 D venv/lib/python3.10/site-packages/sqlalchemy/orm/__pycache__/clsregistry.cpython-310.pyc
 D venv/lib/python3.10/site-packages/sqlalchemy/orm/__pycache__/collections.cpython-310.pyc
 D venv/lib/python3.10/site-packages/sqlalchemy/orm/__pycache__/context.cpython-310.pyc
 D venv/lib/python3.10/site-packages/sqlalchemy/orm/__pycache__/decl_api.cpython-310.pyc
 D venv/lib/python3.10/site-packages/sqlalchemy/orm/__pycache__/decl_base.cpython-310.pyc
 D venv/lib/python3.10/site-packages/sqlalchemy/orm/__pycache__/dependency.cpython-310.pyc
 D venv/lib/python3.10/site-packages/sqlalchemy/orm/__pycache__/descriptor_props.cpython-310.pyc
 D venv/lib/python3.10/site-packages/sqlalchemy/orm/__pycache__/dynamic.cpython-310.pyc
 D venv/lib/python3.10/site-packages/sqlalchemy/orm/__pycache__/evaluator.cpython-310.pyc
 D venv/lib/python3.10/site-packages/sqlalchemy/orm/__pycache__/events.cpython-310.pyc
 D venv/lib/python3.10/site-packages/sqlalchemy/orm/__pycache__/exc.cpython-310.pyc
 D venv/lib/python3.10/site-packages/sqlalchemy/orm/__pycache__/identity.cpython-310.pyc
 D venv/lib/python3.10/site-packages/sqlalchemy/orm/__pycache__/instrumentation.cpython-310.pyc
 D venv/lib/python3.10/site-packages/sqlalchemy/orm/__pycache__/interfaces.cpython-310.pyc
 D venv/lib/python3.10/site-packages/sqlalchemy/orm/__pycache__/loading.cpython-310.pyc
 D venv/lib/python3.10/site-packages/sqlalchemy/orm/__pycache__/mapped_collection.cpython-310.pyc
 D venv/lib/python3.10/site-packages/sqlalchemy/orm/__pycache__/mapper.cpython-310.pyc
 D venv/lib/python3.10/site-packages/sqlalchemy/orm/__pycache__/path_registry.cpython-310.pyc
 D venv/lib/python3.10/site-packages/sqlalchemy/orm/__pycache__/persistence.cpython-310.pyc
 D venv/lib/python3.10/site-packages/sqlalchemy/orm/__pycache__/properties.cpython-310.pyc
 D venv/lib/python3.10/site-packages/sqlalchemy/orm/__pycache__/query.cpython-310.pyc
 D venv/lib/python3.10/site-packages/sqlalchemy/orm/__pycache__/relationships.cpython-310.pyc
 D venv/lib/python3.10/site-packages/sqlalchemy/orm/__pycache__/scoping.cpython-310.pyc
 D venv/lib/python3.10/site-packages/sqlalchemy/orm/__pycache__/session.cpython-310.pyc
 D venv/lib/python3.10/site-packages/sqlalchemy/orm/__pycache__/state.cpython-310.pyc
 D venv/lib/python3.10/site-packages/sqlalchemy/orm/__pycache__/state_changes.cpython-310.pyc
 D venv/lib/python3.10/site-packages/sqlalchemy/orm/__pycache__/strategies.cpython-310.pyc
 D venv/lib/python3.10/site-packages/sqlalchemy/orm/__pycache__/strategy_options.cpython-310.pyc
 D venv/lib/python3.10/site-packages/sqlalchemy/orm/__pycache__/sync.cpython-310.pyc
 D venv/lib/python3.10/site-packages/sqlalchemy/orm/__pycache__/unitofwork.cpython-310.pyc
 D venv/lib/python3.10/site-packages/sqlalchemy/orm/__pycache__/util.cpython-310.pyc
 D venv/lib/python3.10/site-packages/sqlalchemy/orm/__pycache__/writeonly.cpython-310.pyc
 D venv/lib/python3.10/site-packages/sqlalchemy/pool/__pycache__/__init__.cpython-310.pyc
 D venv/lib/python3.10/site-packages/sqlalchemy/pool/__pycache__/base.cpython-310.pyc
 D venv/lib/python3.10/site-packages/sqlalchemy/pool/__pycache__/events.cpython-310.pyc
 D venv/lib/python3.10/site-packages/sqlalchemy/pool/__pycache__/impl.cpython-310.pyc
 D venv/lib/python3.10/site-packages/sqlalchemy/sql/__pycache__/__init__.cpython-310.pyc
 D venv/lib/python3.10/site-packages/sqlalchemy/sql/__pycache__/_dml_constructors.cpython-310.pyc
 D venv/lib/python3.10/site-packages/sqlalchemy/sql/__pycache__/_elements_constructors.cpython-310.pyc
 D venv/lib/python3.10/site-packages/sqlalchemy/sql/__pycache__/_orm_types.cpython-310.pyc
 D venv/lib/python3.10/site-packages/sqlalchemy/sql/__pycache__/_py_util.cpython-310.pyc
 D venv/lib/python3.10/site-packages/sqlalchemy/sql/__pycache__/_selectable_constructors.cpython-310.pyc
 D venv/lib/python3.10/site-packages/sqlalchemy/sql/__pycache__/_typing.cpython-310.pyc
 D venv/lib/python3.10/site-packages/sqlalchemy/sql/__pycache__/annotation.cpython-310.pyc
 D venv/lib/python3.10/site-packages/sqlalchemy/sql/__pycache__/base.cpython-310.pyc
 D venv/lib/python3.10/site-packages/sqlalchemy/sql/__pycache__/cache_key.cpython-310.pyc
 D venv/lib/python3.10/site-packages/sqlalchemy/sql/__pycache__/coercions.cpython-310.pyc
 D venv/lib/python3.10/site-packages/sqlalchemy/sql/__pycache__/compiler.cpython-310.pyc
 D venv/lib/python3.10/site-packages/sqlalchemy/sql/__pycache__/crud.cpython-310.pyc
 D venv/lib/python3.10/site-packages/sqlalchemy/sql/__pycache__/ddl.cpython-310.pyc
 D venv/lib/python3.10/site-packages/sqlalchemy/sql/__pycache__/default_comparator.cpython-310.pyc
 D venv/lib/python3.10/site-packages/sqlalchemy/sql/__pycache__/dml.cpython-310.pyc
 D venv/lib/python3.10/site-packages/sqlalchemy/sql/__pycache__/elements.cpython-310.pyc
 D venv/lib/python3.10/site-packages/sqlalchemy/sql/__pycache__/events.cpython-310.pyc
 D venv/lib/python3.10/site-packages/sqlalchemy/sql/__pycache__/expression.cpython-310.pyc
 D venv/lib/python3.10/site-packages/sqlalchemy/sql/__pycache__/functions.cpython-310.pyc
 D venv/lib/python3.10/site-packages/sqlalchemy/sql/__pycache__/lambdas.cpython-310.pyc
 D venv/lib/python3.10/site-packages/sqlalchemy/sql/__pycache__/naming.cpython-310.pyc
 D venv/lib/python3.10/site-packages/sqlalchemy/sql/__pycache__/operators.cpython-310.pyc
 D venv/lib/python3.10/site-packages/sqlalchemy/sql/__pycache__/roles.cpython-310.pyc
 D venv/lib/python3.10/site-packages/sqlalchemy/sql/__pycache__/schema.cpython-310.pyc
 D venv/lib/python3.10/site-packages/sqlalchemy/sql/__pycache__/selectable.cpython-310.pyc
 D venv/lib/python3.10/site-packages/sqlalchemy/sql/__pycache__/sqltypes.cpython-310.pyc
 D venv/lib/python3.10/site-packages/sqlalchemy/sql/__pycache__/traversals.cpython-310.pyc
 D venv/lib/python3.10/site-packages/sqlalchemy/sql/__pycache__/type_api.cpython-310.pyc
 D venv/lib/python3.10/site-packages/sqlalchemy/sql/__pycache__/util.cpython-310.pyc
 D venv/lib/python3.10/site-packages/sqlalchemy/sql/__pycache__/visitors.cpython-310.pyc
 D venv/lib/python3.10/site-packages/sqlalchemy/testing/__pycache__/__init__.cpython-310.pyc
 D venv/lib/python3.10/site-packages/sqlalchemy/testing/__pycache__/assertions.cpython-310.pyc
 D venv/lib/python3.10/site-packages/sqlalchemy/testing/__pycache__/assertsql.cpython-310.pyc
 D venv/lib/python3.10/site-packages/sqlalchemy/testing/__pycache__/asyncio.cpython-310.pyc
 D venv/lib/python3.10/site-packages/sqlalchemy/testing/__pycache__/config.cpython-310.pyc
 D venv/lib/python3.10/site-packages/sqlalchemy/testing/__pycache__/engines.cpython-310.pyc
 D venv/lib/python3.10/site-packages/sqlalchemy/testing/__pycache__/entities.cpython-310.pyc
 D venv/lib/python3.10/site-packages/sqlalchemy/testing/__pycache__/exclusions.cpython-310.pyc
 D venv/lib/python3.10/site-packages/sqlalchemy/testing/__pycache__/pickleable.cpython-310.pyc
 D venv/lib/python3.10/site-packages/sqlalchemy/testing/__pycache__/profiling.cpython-310.pyc
 D venv/lib/python3.10/site-packages/sqlalchemy/testing/__pycache__/provision.cpython-310.pyc
 D venv/lib/python3.10/site-packages/sqlalchemy/testing/__pycache__/requirements.cpython-310.pyc
 D venv/lib/python3.10/site-packages/sqlalchemy/testing/__pycache__/schema.cpython-310.pyc
 D venv/lib/python3.10/site-packages/sqlalchemy/testing/__pycache__/util.cpython-310.pyc
 D venv/lib/python3.10/site-packages/sqlalchemy/testing/__pycache__/warnings.cpython-310.pyc
 D venv/lib/python3.10/site-packages/sqlalchemy/testing/fixtures/__pycache__/__init__.cpython-310.pyc
 D venv/lib/python3.10/site-packages/sqlalchemy/testing/fixtures/__pycache__/base.cpython-310.pyc
 D venv/lib/python3.10/site-packages/sqlalchemy/testing/fixtures/__pycache__/mypy.cpython-310.pyc
 D venv/lib/python3.10/site-packages/sqlalchemy/testing/fixtures/__pycache__/orm.cpython-310.pyc
 D venv/lib/python3.10/site-packages/sqlalchemy/testing/fixtures/__pycache__/sql.cpython-310.pyc
 D venv/lib/python3.10/site-packages/sqlalchemy/testing/plugin/__pycache__/__init__.cpython-310.pyc
 D venv/lib/python3.10/site-packages/sqlalchemy/testing/plugin/__pycache__/bootstrap.cpython-310.pyc
 D venv/lib/python3.10/site-packages/sqlalchemy/testing/plugin/__pycache__/plugin_base.cpython-310.pyc
 D venv/lib/python3.10/site-packages/sqlalchemy/testing/plugin/__pycache__/pytestplugin.cpython-310.pyc
 D venv/lib/python3.10/site-packages/sqlalchemy/testing/suite/__pycache__/__init__.cpython-310.pyc
 D venv/lib/python3.10/site-packages/sqlalchemy/testing/suite/__pycache__/test_cte.cpython-310.pyc
 D venv/lib/python3.10/site-packages/sqlalchemy/testing/suite/__pycache__/test_ddl.cpython-310.pyc
 D venv/lib/python3.10/site-packages/sqlalchemy/testing/suite/__pycache__/test_deprecations.cpython-310.pyc
 D venv/lib/python3.10/site-packages/sqlalchemy/testing/suite/__pycache__/test_dialect.cpython-310.pyc
 D venv/lib/python3.10/site-packages/sqlalchemy/testing/suite/__pycache__/test_insert.cpython-310.pyc
 D venv/lib/python3.10/site-packages/sqlalchemy/testing/suite/__pycache__/test_reflection.cpython-310.pyc
 D venv/lib/python3.10/site-packages/sqlalchemy/testing/suite/__pycache__/test_results.cpython-310.pyc
 D venv/lib/python3.10/site-packages/sqlalchemy/testing/suite/__pycache__/test_rowcount.cpython-310.pyc
 D venv/lib/python3.10/site-packages/sqlalchemy/testing/suite/__pycache__/test_select.cpython-310.pyc
 D venv/lib/python3.10/site-packages/sqlalchemy/testing/suite/__pycache__/test_sequence.cpython-310.pyc
 D venv/lib/python3.10/site-packages/sqlalchemy/testing/suite/__pycache__/test_types.cpython-310.pyc
 D venv/lib/python3.10/site-packages/sqlalchemy/testing/suite/__pycache__/test_unicode_ddl.cpython-310.pyc
 D venv/lib/python3.10/site-packages/sqlalchemy/testing/suite/__pycache__/test_update_delete.cpython-310.pyc
 D venv/lib/python3.10/site-packages/sqlalchemy/util/__pycache__/__init__.cpython-310.pyc
 D venv/lib/python3.10/site-packages/sqlalchemy/util/__pycache__/_collections.cpython-310.pyc
 D venv/lib/python3.10/site-packages/sqlalchemy/util/__pycache__/_concurrency_py3k.cpython-310.pyc
 D venv/lib/python3.10/site-packages/sqlalchemy/util/__pycache__/_has_cy.cpython-310.pyc
 D venv/lib/python3.10/site-packages/sqlalchemy/util/__pycache__/_py_collections.cpython-310.pyc
 D venv/lib/python3.10/site-packages/sqlalchemy/util/__pycache__/compat.cpython-310.pyc
 D venv/lib/python3.10/site-packages/sqlalchemy/util/__pycache__/concurrency.cpython-310.pyc
 D venv/lib/python3.10/site-packages/sqlalchemy/util/__pycache__/deprecations.cpython-310.pyc
 D venv/lib/python3.10/site-packages/sqlalchemy/util/__pycache__/langhelpers.cpython-310.pyc
 D venv/lib/python3.10/site-packages/sqlalchemy/util/__pycache__/preloaded.cpython-310.pyc
 D venv/lib/python3.10/site-packages/sqlalchemy/util/__pycache__/queue.cpython-310.pyc
 D venv/lib/python3.10/site-packages/sqlalchemy/util/__pycache__/tool_support.cpython-310.pyc
 D venv/lib/python3.10/site-packages/sqlalchemy/util/__pycache__/topological.cpython-310.pyc
 D venv/lib/python3.10/site-packages/sqlalchemy/util/__pycache__/typing.cpython-310.pyc
 D venv/lib/python3.10/site-packages/starlette/__pycache__/authentication.cpython-310.pyc
 D venv/lib/python3.10/site-packages/starlette/__pycache__/config.cpython-310.pyc
 D venv/lib/python3.10/site-packages/starlette/__pycache__/endpoints.cpython-310.pyc
 D venv/lib/python3.10/site-packages/starlette/__pycache__/schemas.cpython-310.pyc
 D venv/lib/python3.10/site-packages/starlette/__pycache__/templating.cpython-310.pyc
 D venv/lib/python3.10/site-packages/starlette/__pycache__/testclient.cpython-310.pyc
 D venv/lib/python3.10/site-packages/starlette/middleware/__pycache__/authentication.cpython-310.pyc
 D venv/lib/python3.10/site-packages/starlette/middleware/__pycache__/cors.cpython-310.pyc
 D venv/lib/python3.10/site-packages/starlette/middleware/__pycache__/gzip.cpython-310.pyc
 D venv/lib/python3.10/site-packages/starlette/middleware/__pycache__/httpsredirect.cpython-310.pyc
 D venv/lib/python3.10/site-packages/starlette/middleware/__pycache__/sessions.cpython-310.pyc
 D venv/lib/python3.10/site-packages/starlette/middleware/__pycache__/trustedhost.cpython-310.pyc
 D venv/lib/python3.10/site-packages/starlette/middleware/__pycache__/wsgi.cpython-310.pyc
 D venv/lib/python3.10/site-packages/uvicorn/__pycache__/workers.cpython-310.pyc
 D venv/lib/python3.10/site-packages/uvicorn/lifespan/__pycache__/off.cpython-310.pyc
 D venv/lib/python3.10/site-packages/uvicorn/loops/__pycache__/uvloop.cpython-310.pyc
 D venv/lib/python3.10/site-packages/uvicorn/protocols/http/__pycache__/httptools_impl.cpython-310.pyc
 D venv/lib/python3.10/site-packages/uvicorn/protocols/http/__pycache__/zttp_impl.cpython-310.pyc
 D venv/lib/python3.10/site-packages/uvicorn/protocols/websockets/__pycache__/websockets_impl.cpython-310.pyc
 D venv/lib/python3.10/site-packages/uvicorn/protocols/websockets/__pycache__/wsproto_impl.cpython-310.pyc
?? .kalen/
?? .kalen_analyze.log
?? .kalen_automation/
?? .kalen_backup_20260917_221710/
?? backend.log
?? backend/ai/providers/deepseek_provider.py
?? backend/ai/vision/
?? backend/api/voice.py.backup.20260917_222201
?? backend/api/voice.py.backup.20260917_222423
?? backend/app/
?? backend/main.py.backup.20260917_222423
?? backend/main.py.voice_backup_20260917_222912
?? backend/memory/
?? backend/requirements.txt
?? backend/services/
?? debug_bundle.sh
?? debug_bundle_20260917_203216.txt
?? debug_bundle_20260917_203256.txt
?? kalen-agent
?? kalen-agent.log
?? kalen-diagnostics.txt
?? kalen-handover-report.txt
?? kalen_autocomplete.sh
?? kalen_vet/
?? kalen_voice_auto.sh
?? lib/
?? services/vision_service.py

Existing changes detected.
Creating safety checkpoint...
